
===========================================================================
 report_power
============================================================================
======================= nom_ff_n40C_1v95 Corner ===================================

Group                    Internal    Switching      Leakage        Total
                            Power        Power        Power        Power (Watts)
------------------------------------------------------------------------
Sequential           3.726927e-04 6.824271e-06 1.695317e-09 3.795186e-04  96.1%
Combinational        9.026348e-06 6.283042e-06 1.952965e-09 1.531134e-05   3.9%
Clock                0.000000e+00 0.000000e+00 0.000000e+00 0.000000e+00   0.0%
Macro                0.000000e+00 0.000000e+00 0.000000e+00 0.000000e+00   0.0%
Pad                  0.000000e+00 0.000000e+00 0.000000e+00 0.000000e+00   0.0%
------------------------------------------------------------------------
Total                3.817190e-04 1.310731e-05 3.648283e-09 3.948300e-04 100.0%
                            96.7%         3.3%         0.0%

