Clock: clk
Sources: clk 
Generated: no
Virtual: yes
Propagated: no
Period: 10.000000

===========================================================================
report_clock_properties
============================================================================
Clock                   Period          Waveform
----------------------------------------------------
clk                  10.000000    0.000000  5.000000

===========================================================================
report_clock_latency
============================================================================
Clock clk
rise -> rise
    min     max
0.000000 0.000000 source latency
0.370465         network latency _431_/CLK
        2.703251 network latency _467_/GATE_N
---------------
0.370465 2.703251 latency
        2.332786 skew

rise -> fall
    min     max
0.000000 0.000000 source latency
2.362676         network latency _463_/GATE_N
        2.622847 network latency _467_/GATE_N
---------------
2.362676 2.622847 latency
        0.260171 skew

fall -> fall
    min     max
0.000000 0.000000 source latency
0.346459         network latency _431_/CLK
        0.349649 network latency _458_/CLK
---------------
0.346459 0.349649 latency
        0.003190 skew



===========================================================================
report_clock_min_period
============================================================================
clk period_min = 2.19 fmax = 456.20
