
===========================================================================
 report_power
============================================================================
======================= nom_tt_025C_1v80 Corner ===================================

Group                    Internal    Switching      Leakage        Total
                            Power        Power        Power        Power (Watts)
------------------------------------------------------------------------
Sequential           3.165771e-04 4.385031e-06 6.878836e-10 3.209628e-04  48.5%
Combinational        1.644223e-05 1.120322e-05 1.517266e-09 2.764697e-05   4.2%
Clock                2.151489e-04 9.784806e-05 3.561511e-10 3.129973e-04  47.3%
Macro                0.000000e+00 0.000000e+00 0.000000e+00 0.000000e+00   0.0%
Pad                  0.000000e+00 0.000000e+00 0.000000e+00 0.000000e+00   0.0%
------------------------------------------------------------------------
Total                5.481683e-04 1.134363e-04 2.561303e-09 6.616072e-04 100.0%
                            82.9%        17.1%         0.0%
Writing metric power__internal__total: 0.0005481683183461428
Writing metric power__switching__total: 0.00011343631922500208
Writing metric power__leakage__total: 2.561302947512445e-9
Writing metric power__total: 0.0006616071914322674

