
===========================================================================
 report_power
============================================================================
======================= nom_tt_025C_1v80 Corner ===================================

Group                    Internal    Switching      Leakage        Total
                            Power        Power        Power        Power (Watts)
------------------------------------------------------------------------
Sequential           3.170873e-04 5.715719e-06 7.212114e-10 3.228037e-04  96.1%
Combinational        8.084609e-06 5.189241e-06 8.310788e-10 1.327468e-05   3.9%
Clock                0.000000e+00 0.000000e+00 0.000000e+00 0.000000e+00   0.0%
Macro                0.000000e+00 0.000000e+00 0.000000e+00 0.000000e+00   0.0%
Pad                  0.000000e+00 0.000000e+00 0.000000e+00 0.000000e+00   0.0%
------------------------------------------------------------------------
Total                3.251719e-04 1.090496e-05 1.552289e-09 3.360784e-04 100.0%
                            96.8%         3.2%         0.0%

