
===========================================================================
 report_power
============================================================================
======================= max_ff_n40C_1v95 Corner ===================================

Group                    Internal    Switching      Leakage        Total
                            Power        Power        Power        Power (Watts)
------------------------------------------------------------------------
Sequential           3.676973e-04 6.355684e-06 1.273924e-09 3.740543e-04  47.2%
Combinational        1.878666e-05 1.637468e-05 3.717668e-09 3.516506e-05   4.4%
Clock                2.466135e-04 1.369157e-04 1.534286e-09 3.835308e-04  48.4%
Macro                0.000000e+00 0.000000e+00 0.000000e+00 0.000000e+00   0.0%
Pad                  0.000000e+00 0.000000e+00 0.000000e+00 0.000000e+00   0.0%
------------------------------------------------------------------------
Total                6.330976e-04 1.596461e-04 6.525882e-09 7.927503e-04 100.0%
                            79.9%        20.1%         0.0%

