
===========================================================================
report_checks -unconstrained
===========================================================================
======================= nom_tt_025C_1v80 Corner ===================================

Startpoint: _435_ (rising edge-triggered flip-flop clocked by clk)
Endpoint: bus_free_flag (output port clocked by clk)
Path Group: clk
Path Type: max

Fanout         Cap        Slew       Delay        Time   Description
---------------------------------------------------------------------------------------------
                                  0.000000    0.000000   clock clk (rise edge)
                                  0.000000    0.000000   clock source latency
    77    0.195571    0.875426    0.605042    0.605042 ^ clk (in)
                                                         clk (net)
                      0.875460    0.000000    0.605042 ^ _435_/CLK (sky130_fd_sc_hd__dfxtp_2)
     3    0.038629    0.197755    0.604005    1.209047 ^ _435_/Q (sky130_fd_sc_hd__dfxtp_2)
                                                         bus_free_flag (net)
                      0.197755    0.000171    1.209218 ^ bus_free_flag (out)
                                              1.209218   data arrival time

                                 10.000000   10.000000   clock clk (rise edge)
                                  0.000000   10.000000   clock network delay (propagated)
                                 -0.250000    9.750000   clock uncertainty
                                  0.000000    9.750000   clock reconvergence pessimism
                                 -2.000000    7.750000   output external delay
                                              7.750000   data required time
---------------------------------------------------------------------------------------------
                                              7.750000   data required time
                                             -1.209218   data arrival time
---------------------------------------------------------------------------------------------
                                              6.540782   slack (MET)




===========================================================================
report_checks --slack_max -0.01
============================================================================
======================= nom_tt_025C_1v80 Corner ===================================

No paths found.


===========================================================================
 report_check_types -max_slew -max_cap -max_fanout -violators
============================================================================
======================= nom_tt_025C_1v80 Corner ===================================

max slew

Pin                                        Limit        Slew       Slack
------------------------------------------------------------------------
_456_/CLK                               0.750000    0.875467   -0.125467 (VIOLATED)
_460_/CLK                               0.750000    0.875467   -0.125467 (VIOLATED)
_482_/CLK                               0.750000    0.875467   -0.125467 (VIOLATED)
_486_/CLK                               0.750000    0.875467   -0.125467 (VIOLATED)
_455_/CLK                               0.750000    0.875467   -0.125467 (VIOLATED)
_481_/CLK                               0.750000    0.875466   -0.125466 (VIOLATED)
_441_/CLK                               0.750000    0.875466   -0.125466 (VIOLATED)
_437_/CLK                               0.750000    0.875466   -0.125466 (VIOLATED)
_446_/CLK                               0.750000    0.875465   -0.125465 (VIOLATED)
_454_/CLK                               0.750000    0.875464   -0.125464 (VIOLATED)
_480_/CLK                               0.750000    0.875464   -0.125464 (VIOLATED)
_452_/CLK                               0.750000    0.875462   -0.125462 (VIOLATED)
_451_/CLK                               0.750000    0.875460   -0.125460 (VIOLATED)
_435_/CLK                               0.750000    0.875460   -0.125460 (VIOLATED)
_438_/CLK                               0.750000    0.875459   -0.125460 (VIOLATED)
_453_/CLK                               0.750000    0.875459   -0.125459 (VIOLATED)
_479_/CLK                               0.750000    0.875459   -0.125459 (VIOLATED)
_420_/CLK                               0.750000    0.875458   -0.125458 (VIOLATED)
_421_/CLK                               0.750000    0.875457   -0.125457 (VIOLATED)
_457_/CLK                               0.750000    0.875457   -0.125457 (VIOLATED)
_422_/CLK                               0.750000    0.875457   -0.125457 (VIOLATED)
_459_/CLK                               0.750000    0.875457   -0.125457 (VIOLATED)
_485_/CLK                               0.750000    0.875457   -0.125457 (VIOLATED)
_423_/CLK                               0.750000    0.875457   -0.125457 (VIOLATED)
_458_/CLK                               0.750000    0.875457   -0.125457 (VIOLATED)
_424_/CLK                               0.750000    0.875457   -0.125457 (VIOLATED)
_484_/CLK                               0.750000    0.875457   -0.125457 (VIOLATED)
_495_/CLK                               0.750000    0.875457   -0.125457 (VIOLATED)
_483_/CLK                               0.750000    0.875456   -0.125456 (VIOLATED)
_496_/CLK                               0.750000    0.875456   -0.125456 (VIOLATED)
_444_/CLK                               0.750000    0.875456   -0.125456 (VIOLATED)
_445_/CLK                               0.750000    0.875456   -0.125456 (VIOLATED)
_450_/CLK                               0.750000    0.875456   -0.125456 (VIOLATED)
_478_/CLK                               0.750000    0.875456   -0.125456 (VIOLATED)
_449_/CLK                               0.750000    0.875455   -0.125455 (VIOLATED)
_477_/CLK                               0.750000    0.875455   -0.125455 (VIOLATED)
_436_/CLK                               0.750000    0.875455   -0.125455 (VIOLATED)
_426_/CLK                               0.750000    0.875455   -0.125455 (VIOLATED)
_447_/CLK                               0.750000    0.875455   -0.125455 (VIOLATED)
_448_/CLK                               0.750000    0.875454   -0.125454 (VIOLATED)
_425_/CLK                               0.750000    0.875454   -0.125454 (VIOLATED)
_443_/CLK                               0.750000    0.875453   -0.125453 (VIOLATED)
_440_/CLK                               0.750000    0.875452   -0.125452 (VIOLATED)
_488_/CLK                               0.750000    0.875452   -0.125452 (VIOLATED)
_489_/CLK                               0.750000    0.875452   -0.125452 (VIOLATED)
_491_/CLK                               0.750000    0.875452   -0.125452 (VIOLATED)
_442_/CLK                               0.750000    0.875452   -0.125452 (VIOLATED)
_490_/CLK                               0.750000    0.875452   -0.125452 (VIOLATED)
_487_/CLK                               0.750000    0.875452   -0.125452 (VIOLATED)
_428_/CLK                               0.750000    0.875451   -0.125451 (VIOLATED)
_429_/CLK                               0.750000    0.875451   -0.125451 (VIOLATED)
_439_/CLK                               0.750000    0.875451   -0.125451 (VIOLATED)
_427_/CLK                               0.750000    0.875451   -0.125451 (VIOLATED)
_416_/CLK                               0.750000    0.875450   -0.125450 (VIOLATED)
_497_/CLK                               0.750000    0.875450   -0.125450 (VIOLATED)
_499_/CLK                               0.750000    0.875450   -0.125450 (VIOLATED)
_500_/CLK                               0.750000    0.875450   -0.125450 (VIOLATED)
_418_/CLK                               0.750000    0.875449   -0.125449 (VIOLATED)
_475_/CLK                               0.750000    0.875448   -0.125448 (VIOLATED)
_498_/CLK                               0.750000    0.875448   -0.125448 (VIOLATED)
_476_/CLK                               0.750000    0.875447   -0.125447 (VIOLATED)
_419_/CLK                               0.750000    0.875447   -0.125447 (VIOLATED)
_431_/CLK                               0.750000    0.875447   -0.125447 (VIOLATED)
_417_/CLK                               0.750000    0.875446   -0.125446 (VIOLATED)
_430_/CLK                               0.750000    0.875445   -0.125445 (VIOLATED)
_474_/CLK                               0.750000    0.875445   -0.125445 (VIOLATED)
_469_/CLK                               0.750000    0.875443   -0.125443 (VIOLATED)
_470_/CLK                               0.750000    0.875442   -0.125442 (VIOLATED)
_473_/CLK                               0.750000    0.875437   -0.125437 (VIOLATED)
_433_/CLK                               0.750000    0.875433   -0.125433 (VIOLATED)
_472_/CLK                               0.750000    0.875432   -0.125432 (VIOLATED)
_492_/CLK                               0.750000    0.875428   -0.125428 (VIOLATED)
_493_/CLK                               0.750000    0.875428   -0.125428 (VIOLATED)
_494_/CLK                               0.750000    0.875428   -0.125428 (VIOLATED)
_432_/CLK                               0.750000    0.875428   -0.125428 (VIOLATED)
_434_/CLK                               0.750000    0.875428   -0.125428 (VIOLATED)
_471_/CLK                               0.750000    0.875428   -0.125428 (VIOLATED)
clk                                     0.750000    0.875426   -0.125426 (VIOLATED)

max fanout

Pin                                   Limit Fanout  Slack
---------------------------------------------------------
clk                                      10     77    -67 (VIOLATED)
rst_n                                    10     32    -22 (VIOLATED)
_495_/Q                                  10     17     -7 (VIOLATED)
_440_/Q                                  10     13     -3 (VIOLATED)
_494_/Q                                  10     13     -3 (VIOLATED)
_219_/X                                  10     12     -2 (VIOLATED)
_492_/Q                                  10     12     -2 (VIOLATED)
_216_/X                                  10     11        (VIOLATED)
_496_/Q                                  10     11        (VIOLATED)



===========================================================================
report_parasitic_annotation -report_unannotated
============================================================================
Found 0 unannotated drivers.
Found 0 partially unannotated drivers.

===========================================================================
max slew violation count 78
Writing metric design__max_slew_violation__count__corner:nom_tt_025C_1v80: 78
max fanout violation count 9
Writing metric design__max_fanout_violation__count__corner:nom_tt_025C_1v80: 9
max cap violation count 0
Writing metric design__max_cap_violation__count__corner:nom_tt_025C_1v80: 0
============================================================================

===========================================================================
check_setup -verbose -unconstrained_endpoints -multiple_clock -no_clock -no_input_delay -loops -generated_clocks
===========================================================================
Warning: There are 8 unclocked register/latch pins.
  _461_/GATE_N
  _462_/GATE_N
  _463_/GATE_N
  _464_/GATE_N
  _465_/GATE_N
  _466_/GATE_N
  _467_/GATE_N
  _468_/GATE_N
Warning: There are 8 unconstrained endpoints.
  _461_/D
  _462_/D
  _463_/D
  _464_/D
  _465_/D
  _466_/D
  _467_/D
  _468_/D
