
===========================================================================
 report_power
============================================================================
======================= nom_tt_025C_1v80 Corner ===================================

Group                    Internal    Switching      Leakage        Total
                            Power        Power        Power        Power (Watts)
------------------------------------------------------------------------
Sequential           3.203664e-04 6.451323e-06 7.212114e-10 3.268184e-04  95.8%
Combinational        8.101950e-06 6.372049e-06 8.310788e-10 1.447483e-05   4.2%
Clock                0.000000e+00 0.000000e+00 2.008823e-10 2.008823e-10   0.0%
Macro                0.000000e+00 0.000000e+00 0.000000e+00 0.000000e+00   0.0%
Pad                  0.000000e+00 0.000000e+00 0.000000e+00 0.000000e+00   0.0%
------------------------------------------------------------------------
Total                3.284683e-04 1.282337e-05 1.753174e-09 3.412934e-04 100.0%
                            96.2%         3.8%         0.0%
Writing metric power__internal__total: 0.00032846827525645494
Writing metric power__switching__total: 1.2823371434933506e-5
Writing metric power__leakage__total: 1.7531737173115403e-9
Writing metric power__total: 0.00034129340201616287

