
===========================================================================
 report_power
============================================================================
======================= nom_tt_025C_1v80 Corner ===================================

Group                    Internal    Switching      Leakage        Total
                            Power        Power        Power        Power (Watts)
------------------------------------------------------------------------
Sequential           3.166289e-04 5.032341e-06 6.878836e-10 3.216619e-04  49.2%
Combinational        9.019058e-06 9.430290e-06 9.318094e-10 1.845028e-05   2.8%
Clock                2.151490e-04 9.788504e-05 3.561511e-10 3.130344e-04  47.9%
Macro                0.000000e+00 0.000000e+00 0.000000e+00 0.000000e+00   0.0%
Pad                  0.000000e+00 0.000000e+00 0.000000e+00 0.000000e+00   0.0%
------------------------------------------------------------------------
Total                5.407970e-04 1.123477e-04 1.975846e-09 6.531466e-04 100.0%
                            82.8%        17.2%         0.0%
Writing metric power__internal__total: 0.0005407969583757222
Writing metric power__switching__total: 0.00011234766861889511
Writing metric power__leakage__total: 1.9758457092677872e-9
Writing metric power__total: 0.0006531465915031731

