
===========================================================================
 report_power
============================================================================
======================= min_ff_n40C_1v95 Corner ===================================

Group                    Internal    Switching      Leakage        Total
                            Power        Power        Power        Power (Watts)
------------------------------------------------------------------------
Sequential           3.678738e-04 6.003258e-06 1.273924e-09 3.738784e-04  47.7%
Combinational        1.875883e-05 1.536678e-05 3.717668e-09 3.412933e-05   4.4%
Clock                2.465114e-04 1.295989e-04 1.534286e-09 3.761119e-04  48.0%
Macro                0.000000e+00 0.000000e+00 0.000000e+00 0.000000e+00   0.0%
Pad                  0.000000e+00 0.000000e+00 0.000000e+00 0.000000e+00   0.0%
------------------------------------------------------------------------
Total                6.331442e-04 1.509690e-04 6.525882e-09 7.841198e-04 100.0%
                            80.7%        19.3%         0.0%

