
===========================================================================
 report_power
============================================================================
======================= nom_ss_100C_1v60 Corner ===================================

Group                    Internal    Switching      Leakage        Total
                            Power        Power        Power        Power (Watts)
------------------------------------------------------------------------
Sequential           2.443960e-04 4.466836e-06 1.248529e-06 2.501114e-04  95.6%
Combinational        6.513280e-06 3.975603e-06 1.053986e-06 1.154287e-05   4.4%
Clock                0.000000e+00 0.000000e+00 0.000000e+00 0.000000e+00   0.0%
Macro                0.000000e+00 0.000000e+00 0.000000e+00 0.000000e+00   0.0%
Pad                  0.000000e+00 0.000000e+00 0.000000e+00 0.000000e+00   0.0%
------------------------------------------------------------------------
Total                2.509093e-04 8.442438e-06 2.302516e-06 2.616543e-04 100.0%
                            95.9%         3.2%         0.9%

