Clock: clk
Sources: clk 
Generated: no
Virtual: yes
Propagated: no
Period: 10.000000

===========================================================================
report_clock_properties
============================================================================
Clock                   Period          Waveform
----------------------------------------------------
clk                  10.000000    0.000000  5.000000

===========================================================================
report_clock_latency
============================================================================
Clock clk
rise -> rise
    min     max
0.000000 0.000000 source latency
0.279396         network latency _431_/CLK
        2.536543 network latency _468_/GATE_N
---------------
0.279396 2.536543 latency
        2.257147 skew

rise -> fall
    min     max
0.000000 0.000000 source latency
2.254967         network latency _463_/GATE_N
        2.454787 network latency _468_/GATE_N
---------------
2.254967 2.454787 latency
        0.199820 skew

fall -> fall
    min     max
0.000000 0.000000 source latency
0.251256         network latency _453_/CLK
        0.254705 network latency _484_/CLK
---------------
0.251256 0.254705 latency
        0.003449 skew



===========================================================================
report_clock_min_period
============================================================================
clk period_min = 1.47 fmax = 680.71
