
===========================================================================
 report_power
============================================================================
======================= nom_ss_100C_1v60 Corner ===================================

Group                    Internal    Switching      Leakage        Total
                            Power        Power        Power        Power (Watts)
------------------------------------------------------------------------
Sequential           2.455831e-04 4.022654e-06 1.156047e-06 2.507618e-04  46.7%
Combinational        1.315289e-05 1.029628e-05 1.656593e-06 2.510576e-05   4.7%
Clock                1.758350e-04 8.506147e-05 2.403048e-07 2.611367e-04  48.6%
Macro                0.000000e+00 0.000000e+00 0.000000e+00 0.000000e+00   0.0%
Pad                  0.000000e+00 0.000000e+00 0.000000e+00 0.000000e+00   0.0%
------------------------------------------------------------------------
Total                4.345711e-04 9.938042e-05 3.052944e-06 5.370044e-04 100.0%
                            80.9%        18.5%         0.6%

