
===========================================================================
 report_power
============================================================================
======================= nom_tt_025C_1v80 Corner ===================================

Group                    Internal    Switching      Leakage        Total
                            Power        Power        Power        Power (Watts)
------------------------------------------------------------------------
Sequential           3.163368e-04 5.079525e-06 6.878836e-10 3.214170e-04  47.8%
Combinational        1.650591e-05 1.250260e-05 1.517266e-09 2.901002e-05   4.3%
Clock                2.154038e-04 1.059739e-04 3.561511e-10 3.213780e-04  47.8%
Macro                0.000000e+00 0.000000e+00 0.000000e+00 0.000000e+00   0.0%
Pad                  0.000000e+00 0.000000e+00 0.000000e+00 0.000000e+00   0.0%
------------------------------------------------------------------------
Total                5.482465e-04 1.235560e-04 2.561303e-09 6.718051e-04 100.0%
                            81.6%        18.4%         0.0%
Writing metric power__internal__total: 0.0005482465494424105
Writing metric power__switching__total: 0.00012355596118140966
Writing metric power__leakage__total: 2.561302947512445e-9
Writing metric power__total: 0.0006718050572089851

