
===========================================================================
 report_power
============================================================================
======================= nom_tt_025C_1v80 Corner ===================================

Group                    Internal    Switching      Leakage        Total
                            Power        Power        Power        Power (Watts)
------------------------------------------------------------------------
Sequential           3.162315e-04 5.169254e-06 6.878836e-10 3.214015e-04  47.4%
Combinational        1.647811e-05 1.325334e-05 1.517266e-09 2.973297e-05   4.4%
Clock                2.155009e-04 1.117176e-04 7.935573e-10 3.272192e-04  48.2%
Macro                0.000000e+00 0.000000e+00 0.000000e+00 0.000000e+00   0.0%
Pad                  0.000000e+00 0.000000e+00 0.000000e+00 0.000000e+00   0.0%
------------------------------------------------------------------------
Total                5.482106e-04 1.301401e-04 2.998707e-09 6.783537e-04 100.0%
                            80.8%        19.2%         0.0%

