
===========================================================================
 report_power
============================================================================
======================= min_ss_100C_1v60 Corner ===================================

Group                    Internal    Switching      Leakage        Total
                            Power        Power        Power        Power (Watts)
------------------------------------------------------------------------
Sequential           2.456894e-04 3.898963e-06 1.156047e-06 2.507444e-04  47.0%
Combinational        1.314885e-05 9.947978e-06 1.656593e-06 2.475342e-05   4.6%
Clock                1.756569e-04 8.259113e-05 2.403048e-07 2.584883e-04  48.4%
Macro                0.000000e+00 0.000000e+00 0.000000e+00 0.000000e+00   0.0%
Pad                  0.000000e+00 0.000000e+00 0.000000e+00 0.000000e+00   0.0%
------------------------------------------------------------------------
Total                4.344952e-04 9.643806e-05 3.052944e-06 5.339862e-04 100.0%
                            81.4%        18.1%         0.6%

