
===========================================================================
 report_power
============================================================================
======================= max_ss_100C_1v60 Corner ===================================

Group                    Internal    Switching      Leakage        Total
                            Power        Power        Power        Power (Watts)
------------------------------------------------------------------------
Sequential           2.454767e-04 4.136231e-06 1.156047e-06 2.507690e-04  46.4%
Combinational        1.315614e-05 1.062653e-05 1.656593e-06 2.543926e-05   4.7%
Clock                1.760147e-04 8.751711e-05 2.403048e-07 2.637722e-04  48.8%
Macro                0.000000e+00 0.000000e+00 0.000000e+00 0.000000e+00   0.0%
Pad                  0.000000e+00 0.000000e+00 0.000000e+00 0.000000e+00   0.0%
------------------------------------------------------------------------
Total                4.346475e-04 1.022798e-04 3.052944e-06 5.399803e-04 100.0%
                            80.5%        18.9%         0.6%

